main.c:162:5:main	8	static
main.c:233:6:SystemClock_Config	112	static
main.c:284:13:MX_I2C1_Init	8	static
main.c:318:13:MX_RTC_Init	32	static
main.c:380:13:MX_TIM1_Init	32	static
main.c:426:13:MX_USART1_UART_Init	8	static
main.c:459:13:MX_USART2_UART_Init	8	static
main.c:492:13:MX_USART6_UART_Init	8	static
main.c:525:13:MX_GPIO_Init	48	static
main.c:554:6:delay	16	static
main.c:559:6:runDS18B	88	static
main.c:589:6:runDHT22	144	static
main.c:630:6:run_pulseSensor	32	static
main.c:654:6:gpio_set_input	8	static
main.c:663:6:gpio_set_output	8	static
main.c:672:9:ds18b20_init	8	static
main.c:694:6:write	24	static
main.c:727:9:read	16	static
main.c:752:6:ReadCalPara	8	static
main.c:766:9:ReadInt	24	static
main.c:774:10:ReadUInt	24	static
main.c:782:6:ReadBMP180	152	static
main.c:834:9:ReadSensor	32	static
main.c:854:6:SetupBMP	16	static
main.c:861:6:ReadRegister	24	static
main.c:867:6:WriteRegister	32	static
main.c:873:6:set_gpio_output_DHT22	8	static
main.c:882:6:set_gpio_input_DHT22	8	static
main.c:890:6:DHT22_start	8	static
main.c:897:6:check_response	8	static
main.c:908:9:read_data_DHT22	16	static
main.c:927:6:HAL_UART_RxCpltCallback	40	static
main.c:958:6:Error_Handler	4	static
