main.c:155:5:main	96	static
main.c:230:6:SystemClock_Config	112	static
main.c:281:13:MX_I2C1_Init	8	static
main.c:315:13:MX_RTC_Init	32	static
main.c:377:13:MX_TIM1_Init	32	static
main.c:423:13:MX_USART1_UART_Init	8	static
main.c:456:13:MX_USART2_UART_Init	8	static
main.c:489:13:MX_USART6_UART_Init	8	static
main.c:522:13:MX_GPIO_Init	48	static
main.c:551:6:delay	16	static
main.c:556:6:runDHT22	144	static
main.c:597:6:run_pulseSensor	32	static
main.c:624:6:ReadCalPara	8	static
main.c:638:9:ReadInt	24	static
main.c:646:10:ReadUInt	24	static
main.c:654:6:ReadBMP180	152	static
main.c:706:9:ReadSensor	32	static
main.c:726:6:SetupBMP	16	static
main.c:733:6:ReadRegister	24	static
main.c:739:6:WriteRegister	32	static
main.c:745:6:set_gpio_output_DHT22	8	static
main.c:754:6:set_gpio_input_DHT22	8	static
main.c:762:6:DHT22_start	8	static
main.c:769:6:check_response	8	static
main.c:780:9:read_data_DHT22	16	static
main.c:799:6:HAL_UART_RxCpltCallback	40	static
main.c:830:6:Error_Handler	4	static
