main.c:120:5:main	160	static
main.c:196:6:SystemClock_Config	112	static
main.c:247:13:MX_I2C1_Init	8	static
main.c:281:13:MX_RTC_Init	32	static
main.c:343:13:MX_TIM1_Init	32	static
main.c:389:13:MX_USART1_UART_Init	8	static
main.c:422:13:MX_USART2_UART_Init	8	static
main.c:455:13:MX_USART6_UART_Init	8	static
main.c:488:13:MX_GPIO_Init	48	static
main.c:517:6:delay	16	static
main.c:522:6:runDHT22	144	static
main.c:563:6:run_pulseSensor	32	static
main.c:592:6:set_gpio_output_DHT22	8	static
main.c:601:6:set_gpio_input_DHT22	8	static
main.c:609:6:DHT22_start	8	static
main.c:616:6:check_response	8	static
main.c:627:9:read_data_DHT22	16	static
main.c:646:6:HAL_UART_RxCpltCallback	40	static
main.c:677:6:Error_Handler	4	static
